{
    "sarscov2 - sam - stub": {
        "content": [
            {
                "0": [
                    [
                        {
                            "id": "test",
                            "single_end": false
                        },
                        "test_polished.fasta:md5,d41d8cd98f00b204e9800998ecf8427e"
                    ]
                ],
                "1": [
                    "versions.yml:md5,18c318eb5fdfc2389f8dbb2186cf389c"
                ],
                "fasta": [
                    [
                        {
                            "id": "test",
                            "single_end": false
                        },
                        "test_polished.fasta:md5,d41d8cd98f00b204e9800998ecf8427e"
                    ]
                ],
                "versions": [
                    "versions.yml:md5,18c318eb5fdfc2389f8dbb2186cf389c"
                ]
            }
        ],
        "meta": {
            "nf-test": "0.8.4",
            "nextflow": "24.10.5"
        },
        "timestamp": "2025-03-24T15:12:15.777523"
    },
    "sarscov2 - sam": {
        "content": [
            {
                "0": [
                    [
                        {
                            "id": "test",
                            "single_end": false
                        },
                        "test_polished.fasta:md5,48c6f75c9950164f9cbe119c470b7db0"
                    ]
                ],
                "1": [
                    "versions.yml:md5,18c318eb5fdfc2389f8dbb2186cf389c"
                ],
                "fasta": [
                    [
                        {
                            "id": "test",
                            "single_end": false
                        },
                        "test_polished.fasta:md5,48c6f75c9950164f9cbe119c470b7db0"
                    ]
                ],
                "versions": [
                    "versions.yml:md5,18c318eb5fdfc2389f8dbb2186cf389c"
                ]
            }
        ],
        "meta": {
            "nf-test": "0.8.4",
            "nextflow": "24.10.5"
        },
        "timestamp": "2025-03-24T15:33:02.359162"
    }
}